
2026-07-06T00:54:13Z INF Thank you for trying Cloudflare Tunnel. Doing so, without a Cloudflare account, is a quick way to experiment and try it out. However, be aware that these account-less Tunnels have no uptime guarantee, are subject to the Cloudflare Online Services Terms of Use (https://www.cloudflare.com/website-terms/), and Cloudflare reserves the right to investigate your use of Tunnels for violations of such terms. If you intend to use Tunnels in production you should use a pre-created named tunnel by following: https://developers.cloudflare.com/cloudflare-one/connections/connect-apps
2026-07-06T00:54:13Z INF Requesting new quick Tunnel on trycloudflare.com...
2026-07-06T00:54:18Z INF +--------------------------------------------------------------------------------------------+
2026-07-06T00:54:18Z INF |  Your quick Tunnel has been created! Visit it at (it may take some time to be reachable):  |
2026-07-06T00:54:18Z INF |  https://grocery-retrieval-original-settings.trycloudflare.com                             |
2026-07-06T00:54:18Z INF +--------------------------------------------------------------------------------------------+
2026-07-06T00:54:18Z INF Cannot determine default configuration path. No file [config.yml config.yaml] in [~/.cloudflared ~/.cloudflare-warp ~/cloudflare-warp]
2026-07-06T00:54:18Z INF Version 2026.6.0 (Checksum 03e322598e84d77406fa55b93f59e8e54636c5d8501d9dce36697fcf080ed8cc)
2026-07-06T00:54:18Z INF GOOS: windows, GOVersion: go1.26.4, GoArch: amd64
2026-07-06T00:54:18Z INF Settings: map[ha-connections:1 no-autoupdate:true protocol:quic url:http://127.0.0.1:8081]
2026-07-06T00:54:18Z INF cloudflared will not automatically update on Windows systems.
2026-07-06T00:54:18Z INF Generated Connector ID: dbcfc8d1-14dd-47bf-853d-930005ecf2aa
2026-07-06T00:54:18Z INF Initial protocol quic
2026-07-06T00:54:18Z INF ICMP proxy will use 202.118.21.28 as source for IPv4
2026-07-06T00:54:18Z INF ICMP proxy will use 2001:da8:9000:a141:38f9:b514:6445:518 in zone 浠ュお缃?as source for IPv6
2026-07-06T00:54:18Z INF cloudflared does not support loading the system root certificate pool on Windows. Please use --origin-ca-pool <PATH> to specify the path to the certificate pool
2026-07-06T00:54:18Z INF ICMP proxy will use 202.118.21.28 as source for IPv4
2026-07-06T00:54:18Z INF Tunnel connection curve preferences: [X25519MLKEM768 CurveID(65074) CurveP256] connIndex=0 event=0 ip=2606:4700:a0::1
2026-07-06T00:54:18Z INF ICMP proxy will use 2001:da8:9000:a141:38f9:b514:6445:518 in zone 浠ュお缃?as source for IPv6
2026-07-06T00:54:18Z INF Starting metrics server on 127.0.0.1:20241/metrics
2026-07-06T00:54:18Z INF Registered tunnel connection connIndex=0 connection=0a9c15ac-47f9-4f3e-b3a8-128d49f5ab8c event=0 ip=2606:4700:a0::1 location=hkg09 protocol=quic
2026-07-06T00:54:18Z INF +-------------------------------------------------------------------------------------+
2026-07-06T00:54:18Z INF |                               CONNECTIVITY PRE-CHECKS                               |
2026-07-06T00:54:18Z INF +-------------------------------------------------------------------------------------+
2026-07-06T00:54:18Z INF |  COMPONENT         TARGET                     STATUS  DETAILS                       |
2026-07-06T00:54:18Z INF |  DNS Resolution    region1.v2.argotunnel.com  PASS    DNS Resolved successfully     |
2026-07-06T00:54:18Z INF |  DNS Resolution    region2.v2.argotunnel.com  PASS    DNS Resolved successfully     |
2026-07-06T00:54:18Z INF |  UDP Connectivity  region1.v2.argotunnel.com  PASS    QUIC connection successful    |
2026-07-06T00:54:18Z INF |  UDP Connectivity  region2.v2.argotunnel.com  PASS    QUIC connection successful    |
2026-07-06T00:54:18Z INF |  TCP Connectivity  region1.v2.argotunnel.com  PASS    HTTP/2 connection successful  |
2026-07-06T00:54:18Z INF |  TCP Connectivity  region2.v2.argotunnel.com  PASS    HTTP/2 connection successful  |
2026-07-06T00:54:18Z INF |  Cloudflare API    api.cloudflare.com:443     PASS    API is reachable              |
2026-07-06T00:54:18Z INF |                                                                                     |
2026-07-06T00:54:18Z INF |  SUMMARY: Environment is healthy. cloudflared will use 'quic' as primary protocol.  |
2026-07-06T00:54:18Z INF +-------------------------------------------------------------------------------------+
2026-07-06T00:54:18Z INF precheck component="DNS Resolution" details="DNS Resolved successfully" run_id=9806ddb1-e288-4e30-9cf8-47ddeaa48a85 status=pass target=region1.v2.argotunnel.com
2026-07-06T00:54:18Z INF precheck component="DNS Resolution" details="DNS Resolved successfully" run_id=9806ddb1-e288-4e30-9cf8-47ddeaa48a85 status=pass target=region2.v2.argotunnel.com
2026-07-06T00:54:18Z INF precheck component="UDP Connectivity" details="QUIC connection successful" run_id=9806ddb1-e288-4e30-9cf8-47ddeaa48a85 status=pass target=region1.v2.argotunnel.com
2026-07-06T00:54:18Z INF precheck component="UDP Connectivity" details="QUIC connection successful" run_id=9806ddb1-e288-4e30-9cf8-47ddeaa48a85 status=pass target=region2.v2.argotunnel.com
2026-07-06T00:54:18Z INF precheck component="TCP Connectivity" details="HTTP/2 connection successful" run_id=9806ddb1-e288-4e30-9cf8-47ddeaa48a85 status=pass target=region1.v2.argotunnel.com
2026-07-06T00:54:18Z INF precheck component="TCP Connectivity" details="HTTP/2 connection successful" run_id=9806ddb1-e288-4e30-9cf8-47ddeaa48a85 status=pass target=region2.v2.argotunnel.com
2026-07-06T00:54:18Z INF precheck component="Cloudflare API" details="API is reachable" run_id=9806ddb1-e288-4e30-9cf8-47ddeaa48a85 status=pass target=api.cloudflare.com:443
2026-07-06T00:54:18Z INF precheck complete hard_fail=false run_id=9806ddb1-e288-4e30-9cf8-47ddeaa48a85 suggested_protocol=quic
2026-07-06T00:55:47Z INF Initiating graceful shutdown due to signal terminated ...
